// Jest Snapshot v1, https://goo.gl/fbAQLP

exports[`Map snapshot test on Amsterdam 1`] = `
<div
  className="map undefined"
  id="map"
  style={
    Object {
      "width": "100%",
    }
  }
/>
`;
